// Jest Snapshot v1, https://goo.gl/fbAQLP

exports[`Renders List View successfully. 1`] = `
Object {
  "asFragment": [Function],
  "baseElement": <body>
    <div>
      <div
        class="sc-AxjAm gbbYnw"
      >
        <div
          class="sc-AxirZ cZOeun"
        >
          <div
            class="sc-AxiKw kVuTnU"
          >
            Heroes
          </div>
          <div
            class="sc-AxiKw kVuTnU"
          >
            Type
          </div>
          <div
            class="sc-AxiKw kVuTnU"
          >
            Description
          </div>
        </div>
        <div
          class="sc-AxhCb fqilgR"
          style="opacity: 1; transform: scale(0) translateZ(0);"
        >
          <div>
            <div
              class="sc-AxhUy lakhlt"
              style="opacity: 0; transform: translateY(20px) translateZ(0);"
            >
              <div
                class="sc-AxheI dAvOVz"
              >
                <img
                  class="sc-Axmtr gWLChO"
                  src="dfdf"
                />
                <div
                  class="sc-AxmLO fHPaRY"
                >
                  sd
                </div>
              </div>
              <div
                class="sc-AxheI dAvOVz"
              >
                dfdf
              </div>
              <div
                class="sc-AxheI dAvOVz"
              >
                sdsdsD
              </div>
            </div>
            <div
              class="sc-AxgMl caBBol"
            >
              <div
                style="width: 100%; display: flex; flex-direction: row; justify-content: flex-start; padding: 10px 10px 10px 10px;"
              >
                <img
                  class="sc-Axmtr gWLChO"
                  src="dfdf"
                />
                <div>
                  <div
                    class="sc-AxmLO fHPaRY"
                  >
                    sd
                  </div>
                  <div>
                    dfdf
                  </div>
                </div>
              </div>
              <div
                class="sc-AxheI dAvOVz"
              >
                sdsdsD
              </div>
            </div>
          </div>
          <div>
            <div
              class="sc-AxhUy lakhlt"
              style="opacity: 0; transform: translateY(20px) translateZ(0);"
            >
              <div
                class="sc-AxheI dAvOVz"
              >
                <img
                  class="sc-Axmtr gWLChO"
                  src="dfdf"
                />
                <div
                  class="sc-AxmLO fHPaRY"
                >
                  sd
                </div>
              </div>
              <div
                class="sc-AxheI dAvOVz"
              >
                dfdf
              </div>
              <div
                class="sc-AxheI dAvOVz"
              >
                sdsdsD
              </div>
            </div>
            <div
              class="sc-AxgMl caBBol"
            >
              <div
                style="width: 100%; display: flex; flex-direction: row; justify-content: flex-start; padding: 10px 10px 10px 10px;"
              >
                <img
                  class="sc-Axmtr gWLChO"
                  src="dfdf"
                />
                <div>
                  <div
                    class="sc-AxmLO fHPaRY"
                  >
                    sd
                  </div>
                  <div>
                    dfdf
                  </div>
                </div>
              </div>
              <div
                class="sc-AxheI dAvOVz"
              >
                sdsdsD
              </div>
            </div>
          </div>
        </div>
      </div>
    </div>
  </body>,
  "container": <div>
    <div
      class="sc-AxjAm gbbYnw"
    >
      <div
        class="sc-AxirZ cZOeun"
      >
        <div
          class="sc-AxiKw kVuTnU"
        >
          Heroes
        </div>
        <div
          class="sc-AxiKw kVuTnU"
        >
          Type
        </div>
        <div
          class="sc-AxiKw kVuTnU"
        >
          Description
        </div>
      </div>
      <div
        class="sc-AxhCb fqilgR"
        style="opacity: 1; transform: scale(0) translateZ(0);"
      >
        <div>
          <div
            class="sc-AxhUy lakhlt"
            style="opacity: 0; transform: translateY(20px) translateZ(0);"
          >
            <div
              class="sc-AxheI dAvOVz"
            >
              <img
                class="sc-Axmtr gWLChO"
                src="dfdf"
              />
              <div
                class="sc-AxmLO fHPaRY"
              >
                sd
              </div>
            </div>
            <div
              class="sc-AxheI dAvOVz"
            >
              dfdf
            </div>
            <div
              class="sc-AxheI dAvOVz"
            >
              sdsdsD
            </div>
          </div>
          <div
            class="sc-AxgMl caBBol"
          >
            <div
              style="width: 100%; display: flex; flex-direction: row; justify-content: flex-start; padding: 10px 10px 10px 10px;"
            >
              <img
                class="sc-Axmtr gWLChO"
                src="dfdf"
              />
              <div>
                <div
                  class="sc-AxmLO fHPaRY"
                >
                  sd
                </div>
                <div>
                  dfdf
                </div>
              </div>
            </div>
            <div
              class="sc-AxheI dAvOVz"
            >
              sdsdsD
            </div>
          </div>
        </div>
        <div>
          <div
            class="sc-AxhUy lakhlt"
            style="opacity: 0; transform: translateY(20px) translateZ(0);"
          >
            <div
              class="sc-AxheI dAvOVz"
            >
              <img
                class="sc-Axmtr gWLChO"
                src="dfdf"
              />
              <div
                class="sc-AxmLO fHPaRY"
              >
                sd
              </div>
            </div>
            <div
              class="sc-AxheI dAvOVz"
            >
              dfdf
            </div>
            <div
              class="sc-AxheI dAvOVz"
            >
              sdsdsD
            </div>
          </div>
          <div
            class="sc-AxgMl caBBol"
          >
            <div
              style="width: 100%; display: flex; flex-direction: row; justify-content: flex-start; padding: 10px 10px 10px 10px;"
            >
              <img
                class="sc-Axmtr gWLChO"
                src="dfdf"
              />
              <div>
                <div
                  class="sc-AxmLO fHPaRY"
                >
                  sd
                </div>
                <div>
                  dfdf
                </div>
              </div>
            </div>
            <div
              class="sc-AxheI dAvOVz"
            >
              sdsdsD
            </div>
          </div>
        </div>
      </div>
    </div>
  </div>,
  "debug": [Function],
  "findAllByAltText": [Function],
  "findAllByDisplayValue": [Function],
  "findAllByLabelText": [Function],
  "findAllByPlaceholderText": [Function],
  "findAllByRole": [Function],
  "findAllByTestId": [Function],
  "findAllByText": [Function],
  "findAllByTitle": [Function],
  "findByAltText": [Function],
  "findByDisplayValue": [Function],
  "findByLabelText": [Function],
  "findByPlaceholderText": [Function],
  "findByRole": [Function],
  "findByTestId": [Function],
  "findByText": [Function],
  "findByTitle": [Function],
  "getAllByAltText": [Function],
  "getAllByDisplayValue": [Function],
  "getAllByLabelText": [Function],
  "getAllByPlaceholderText": [Function],
  "getAllByRole": [Function],
  "getAllByTestId": [Function],
  "getAllByText": [Function],
  "getAllByTitle": [Function],
  "getByAltText": [Function],
  "getByDisplayValue": [Function],
  "getByLabelText": [Function],
  "getByPlaceholderText": [Function],
  "getByRole": [Function],
  "getByTestId": [Function],
  "getByText": [Function],
  "getByTitle": [Function],
  "queryAllByAltText": [Function],
  "queryAllByDisplayValue": [Function],
  "queryAllByLabelText": [Function],
  "queryAllByPlaceholderText": [Function],
  "queryAllByRole": [Function],
  "queryAllByTestId": [Function],
  "queryAllByText": [Function],
  "queryAllByTitle": [Function],
  "queryByAltText": [Function],
  "queryByDisplayValue": [Function],
  "queryByLabelText": [Function],
  "queryByPlaceholderText": [Function],
  "queryByRole": [Function],
  "queryByTestId": [Function],
  "queryByText": [Function],
  "queryByTitle": [Function],
  "rerender": [Function],
  "unmount": [Function],
}
`;
